ls -l
ls -l -a
clear
ps
ls
./wait-test2
ps -a -l
ps
ps -l
ps -a
ps -l
ps -ef |grep s1521219
kill -9 3504
ps -ef |grep s1521219
ls
source-file ~/.tmux.conf 
soure-file ~/.tmux.conf
source-file ~/.tmux.conf
vi ~/.tmux.conf
source-file ~/.tmux.conf
tmux source-file ~/.tmux.conf
s1521219@pel-lab:~/work/190404$ soure-file ~/.tmux.conf
soure-file: command not found
s1521219@pel-lab:~/work/190404$ source-file ~/.tmux.conf
source-file: command not found
s1521219@pel-lab:~/work/190404$ vi ~/.tmux.conf
s1521219@pel-lab:~/work/190404$
s1521219@pel-lab:~/work/190404$ source-file ~/.tmux.conf
source-file: command not found
s1521219@pel-lab:~/work/190404$ tmux source-file ~/.tmux.conf
s1521219@pel-lab:~/work/190404$
clear
ps -ef |grep s1521219
ls
vi fork-test.c
vi zombie-test.c
vi wait-test.c
ls
vi FF-test.c
mv FF-test.c ff-test.c
gcc -o ff-test ff-test.c 
vi ff-test.c
gcc -o ff-test ff-test.c 
vi ff-test.c
gcc -o ff-test ff-test.c 
vi ff-test.c
gcc -o ff-test ff-test.c 
./ff-test
./ff-test > log
cat log
clear
ls
ls -l
mv getpid_demo.c getpid-test.c
mv getpid_demo getpid-test
ls -l
mv argv-example.c argv-test.c
mv argv-example argv-test
ls =l
ls -l
clear
ls
ls -l
clear'
clear
ls
vi ff-test.c
man exec
clear
man exec
vi exec-test.c
cd temp
ls
cd ..
ls
cd ..
ls
cd tmp
ls
cd ..
ls
cd ..
ls
cd tmp
ls
cp echoall.c ./home/s1521219/work/190404
cp echoall.c /home/s1521219/work/190404
cp echoall /home/s1521219/work/190404
cd
cd work
cd 190404
ls
gcc -o exec-test.c
gcc -o exec-test exec-test.c
./exec-test 
ls
cd work
cd 190404
ls
ls -l
pstree
ls
free -m
clear
pstree
clear
pstree
sl
ls
vi fork-test.c
gcc -o fork-test fork-test.c
vi fork-test.c 
gcc -o fork-test fork-test.c
vi fork-test.c 
gcc -o fork-test fork-test.c
./fork-test
ls
mv argv argv-example
ls
ls -l
ls -l -a -s
man ls
clear
vi fork-test.c
gcc -o fork-test fork-test.c
./fork-test 
ls -c
ls -l -a -c
ls
clear
./fork-test 
ps
./fork-test 
clear
./fork-test 
pwd
ps
ps -l
ps -a
clear
ls -a -l -c
ls
vi after-fork-test.c
gcc -o after-fork-test after-fork-test.c
vi after-fork-test.c
gcc -o after-fork-test after-fork-test.c
./ after-fork-test
gcc -o after-fork-test after-fork-test.c
./after-fork-test
vi after-fork-test.c
gcc -o after-fork-test after-fork-test.c
clear
./after-fork-test 
sl
ls
ls -l
clear
:ww
owo?
clear
vi wait-test.c
gcc -o wait-test wait-test.c 
vi wait-test.c 
gcc -o wait-test wait-test.c 
vi wait-test.c 
gcc -o wait-test wait-test.c 
./wait-test 
vi wait-test.c 
cd /s1521224
cd/
/cd
cd/
cd .
cd /
ls
cd/
cd
pwd
cd work
cd 190404
ls
./wait-test 
vi wait-test.C
ls
vi wait-test.c
./wait-test 
ps -ef
ps -ef |s1521219
ps
clear
./wait-test 
ps
ps -a
ps -a -l
ps -l
ls
vi wait-test.c
./wait-test 
ps -l
./wait-test 
gcc -o wait-test2 wait-test.c
./wait-test2
tmux
vi wait-test02.c
rm wait-test02.c
tmux
vi zombie-test.c
gcc -o  zomble-test zombie-test.c 
vi zombie-test.c\
vi zombie-test.c
gcc -o  zomble-test zombie-test.c 
./zomble-test 
tmux
tmux new -s test
vi zombie-test.c
cd/
cd /
pwd
cd
cd ..
ls
cd
ls
cd
~/.tmux.conf
~/
set-window-option -g mode-keys vi
~/.tmux.conf:
~/.tmux.conf:clear
clear
vi .tmux.conf
mv .tmux.conf ~/.tmux.conf 
mv .tmux.conf  ~/.tmux.conf 
mv .tmux.comf ~/.tmux.conf
rm .tmux.conf 
vi ~/.tmux.conf
clear
./zomble-test 
./wait-test2
./zomble-test
ls
cd home/s1521219/work/190411
ls
pstree
cd/
cd /
pstree
cd work
ls
mkdir 190411
cd 190411
ls
vi test.c
rm test.c
ls
dir
pwd
de /
cd /
ls
ptree
prtree
clear
tmux
cd /
pstree
cd ~
cd work
cd 190411
pstree
clear
tmux
sudo apt install git
ls
git
cd work
git init test
ls
git commit
cd test
git config --global user.email wjddidgns22@naver.com
git config --global user.name JeongYH
vi hello.c
git commit
ls
git add hello.c
git commit -m "first commit"
git remote add origin https://github.com/JeongYH/hfhf/hello.git
push -u origin master
git push -u origin master
git remote add origin https://github.com/JoengYH/TEST.git
git push -u origin master
git remote add origin https://github.com/JoengYH/TEST.git
push -u origin master
git push -u origin master
git remote add origin https://github.com/JoengYH/TEST.git
cd .
cd ..
ls
git init test-1
cd test-1
vi test-1.c
git add test-1.c
git commit -m "hello"
git remote add origin https://github.com/JoengYH/hello.git
git push -u origin master
git pull origin master
vi test-1.c
git clone cd ..
cd ..
git init test-2
cd test-2
cd ..
ls
rmdir test
cd test
ls
rm hello.c 
cd ..
rmdir test
ls
cd test
ls
ls -l
c ..
cd ..
cd test-2c.
cd test-2
ls
vi test.c
ls
git checkout -b branch
git add test.c
git commit -m "sample"
cat test.c
git checkout -b second
git branch
pwd
git branch
ls
vi test.c
git add test.c
git commit -m "branch test"
git checkout branch
git branch
vi test.c
git checkout second
ls
vi test.c
git checkout branch
git branch
git merge branch
git merge second
vi test.c
cat test.c
git branch
vi test.c
git add test.c
git commit -m "branch master"
git checkout second
vi test.c
git branch
git add test.c
git commit -m "branch second"
git checkout branch
git branch
git merge second
git status
vi test.c
git add test.c
git commit -m "commit result"
clear
git branch
ls
cat test.c
pwd
ls
cd ..
ls
cd ~
git init
ls
cd work
ls
git init
gir add *
git add *
git commit -m "backup"
git remote ad origin https://github.com/JoengYH/TEST.git
git remote add origin https://github.com/JoengYH/TEST.git
git push -u origin master
ls
cd test
ls
cd ..
rm test
cd ..
ls
cd work
ls -l
ls -a
ls
cd ..
ls
mkdir work-1
cd work-1
git pull -u origin master
cd ..
cd work
git pull -u origin master
ls
git pull origin master
cd ..
cd work-1
git pull origin master
cd ..
cd work
ls
git pull origin master
cd ..
cd work-1
ls
git pull origin master
git pull JeongYH master
ls
ls =l
ls -l
cd ..
cd work
ls
git pull origin master
cd ..
ls
cd work
ls -a
git init
git pull origin master
cd .git
ls
cd ..
cd TEST
ls
c ..
cd ..
ls
ls -a
cd work-1
cd
ls
cd work-1
ls
git init
git pull origin master
ls
cd ..
cd work
ls
git pull origin master
ls
git
ls
cd work
ls
cd ..
ls
cd work-1
ls
git clone https://github.com/JoengYH/TEST backup
ls
cd backup
ls
cd test
ls
git branch
git branch -m "seconds"
git branch
git branch -m "master"
ls
git branch
git checkout -b seconds
git remote -v origin https://github.com/JoengYH/TEST
git remote -v
vi race-test.c
vi polling-test.c
rm polling-test.c 
clear
gcc -o vfork-test vfork-test.c
ls
gcc -o vfrok-test vfrok-test.c
./vfork-test
gcc -o vfrok-test vfrok-test.c
./vfrok-test
gcc -o vfrok-test vfrok-test.c
./vfrok-test
gcc -o vfrok-test vfrok-test.c
./vfrok-test
clear
ls
rm vfrok-test
rm vfork-test
mv vfrok-test.c vfork-test.c
ls
gcc -o vfork-test vfork-test.c
./vfork-test 
gcc -o vfork-test vfork-test.c
./vfork-test 
gcc -o vfork-test vfork-test.c
./vfork-test 
clear
./vfork-test 
gcc -o vfork-test vfork-test.c
./vfork-test
gcc -o vfork-test vfork-test.c
./vfork-test
clear
vi vfrok-test.c
gcc -o vfork-test vfrok-test.c 
./vfork-test
vi vfrok-test.c
vi trivia-test.c
gcc -o trivia-test trivia-test.c
gcc -o vfork-test vfork-test.c
gcc -o trivia-test trivia-test.c
./trivia-test
claer
clear
vi dfork.c
gcc -o dfork dfork.c
./dfork
r
gcc -o dfork dfork.c
./dfork
gcc -o dfork dfork.c
./dfork
gcc -o dfork dfork.c
./dfork
gcc -o dfork dfork.c
./dfork
gcc -o dfork dfork.c
./dfork
clear
gcc -o dfork dfork.c
./dfork
gcc -o dfork dfork.c
./dfork
gcc -o dfork dfork.c
./dfork
gcc -o trivia-test trivia-test.c
./trivia-test
cat trivia-test.c
vi dfork.c
ps
ps -l
ps
pwd
ps
p
sps
ps
vi dfork.c
clear
pa -ef |less
ps -ef |less
ls
l
sl
sls
ls
l
sl
ls -l
cd \
vi  \
dc ..
cd ..
ls
cd 190418]
cd 190418
ㅣㄴ
ls
ls
cd work
mkdir 190418
cd 190418
ls
vi race-test.c
gcc -o race-test race-test.c
man err
vi race-test.c
gcc -o race-test race-test.c
man err_sys
vi race-test.c
gcc -o race-test race-test.c
./race-test 
vi race-test.c
gcc -o race-test race-test.c
./race-test 
vi race-test.c
tmux
ls
clear
ls
cd ..
ls
cd work-1
cd
l
ls
cd work-1
ls
cd backup/
ls
cd 190404/
ls
cd~
cd `
cd 
cd ~
ls
cd work
cd
cd work
ls
cd 190418
ls
claer
clear
vi pipes-test.c
gcc -o pipes-test pipes-test.c
./pipes-test
cat pipes-test.c
clear
vi pipes-test.c
>
ls
cd work
ls
exam.txt
vi exam.txt
git commit
ls
rm exam.txt
git init test-0
ls
cd test-0
ls
git commmit
git commit
git config --global wjddidgns22Wnaver.com
vi test=0.txt
rm test=0.txt
vi test-0.txt
cat test-0.txt
git add test-0.txt
git commit -m "test-0"
git push drigin madter
git push origin madter
git push origin master
git remote add origin https://github.com/JoengYH/TEST
git push origin master
git remote add origin https://github.com/JoengYH/TEST
git push origin master
ls
cd test
ls
vi method.txt
git init
git config --global user.email wjddidgns22@naver.com
git config --global user.name JoengYH
git add method.txt
git commit -m "for.exam"
git remote add origin https://github.com/JoengYH/vgvn
git push origin master
ls
rm *
ls
git pull origin master
ls
git inti
git init
git pull origin master
git branch
l
ls
git clone https://github.com/JoengYH/vgvn
ls
cd vgvn/
LS
ls
vi method.txt
git remote add another https://github.com/JoengYH/TEST
cd ..
ls
git init
git remote add another https://github.com/JoengYH/TEST
git clone https://github.com/JoengYH/TEST
ls
mv TEST test
ls
cd test
ls
cd ..
ls
ld
ls
mkdir test
cd test
ls
git init
vi test.txt
cat test.txt
git add test.txt
git config --global user.eamil wjddidgns22@naver.com
git config --global user.name JoengYH
git add test.txt
git commit -m "test commit"
git push origin master
git remote add origin https://github.com/JoengYH/vgvn.git
git push origin master
vi github-method.txt
ls
cd test
ls
cd vgvn
ls
vi login.txt
git init
git add login.txt 
git config --global user.email wjddidgns22@naver.com
git config --global user.name JoengYH
git add login.txt 
ls
cd ..
ls
cd ..
ls
rmdir ! test
rmdir test | !
rmdir test | more
ls
cd test
rm *
rmdir *
cd test
ls
rm *
rmdir *
cd 190321/
ls
cd *
rm *
ls
ls -l
cd ..
cd 190321/
ls
ls -l
cd ..
cd 190404/
ls
rm *
ls
ls -l
cd ..
rmdir *
cd 190321/
ls
ls -al
rm .cal03.c.swp
ls
ls -al
cd //
pwd
cd ..
ls
cd hoem/s1521219
ls
cd hoem
cd home
ls
cd s1521219
ls
cd test
cd
ls
cd test
ls
cd test
ls
rmdir *
ls
cd ..
rmdir test
ls
cd test
ls -al
rm .git
rmdir ,git
rmdir .git
cd .gt
cd .git
ls
cd ..
sl
ls
cd..
ls
vi filters.c
gcc -o filters filters.c 
vi filters.c 
git init
git config --global user.email wjddidgns22@naver.com
git config --global user.name JoengYH
git add filters.c 
git commit -m "filter"
git remote add origin https://github.com/JoengYH/vgvn
git remote add filters https://github.com/JoengYH/vgvn
git push filters master
ls
ls -al
cd test.c
cd test
ls
git clone https://github.com/JoengYH/TEST
ls
mv TEST test-10
ls
git add test-10
git commit -m "move_file"
git remote add move https://github.com/JoengYH/
git push move master
git pull move master
git push move master
ls
cd work
ls
cd ..
ls
cd test
ls
cd vgvn
ls
s1521219@pel-lab:~/work$ cd ..
s1521219@pel-lab:~$ ls
examples.desktop  test  tmp  work  work-1
s1521219@pel-lab:~$ cd test
s1521219@pel-lab:~/test$ ls
filters.c  test  vgvn
vi test.txt
vi test-1.txt
ymux
tmux
ls
cd vgvn/
ls
cd 190321
ls
cd ..
cd 190404/
ls
vi fork-test.c
man fopen
ls
cd vgvn/
ls
cd 190404/
ls
vi ff-test.c
./ff-test 
 
car ff-test.c 
cat ff-test.c
ls
cd ..
ls
cd 190404/
vi ff-test.c
man file
man FIFO
man FILE
ls
cd mid-term/
ls
vi 1521219-sum.c
git init
git config --global user.eamil wjddidgns22@naver.com
git config --global user.name JoengYH
git add 1521219-fork.c
git commit -m "mid-term-1"
git remote add origin http://github.com/JoengYH/mid-term
git push origin master
git
git push origin master
clear
man git add
git inti
git init
git config --global user.emil wjddidgns22@naver.com
git config -- global user.name JoengYH
git config --global user.name JoengYH
git add 1521219-fork.c
git remote add origin http://github.com/Joeng/vgvn
git remote add mid  http://github.com/Joeng/vgvn
git push origin master
git commit -m "mid-term"
clear
ls
git init
git config --global user.emil wjddidgns22@naver.com
git config --global user.name JoengYH
git add 1521219-fork.c
git commit -m "exam"
git remote exam http://github.com/JoengYH/vgvn
git remote add exam http://github.com/JoengYH/vgvn
git push eaxm master
git push exam master
ls
cd ..
ls
mid-term/
cd mid-term/
ls
git init
git config --global user.email wjddidgns22@naver.com
git config --global user.name JoengYH
git add 1521219-fork.c
git commit -m "first"
git remote add first http://github.com/JoengYH/TEST
git push first master
git pull origin master
man git remote
git remote remove origin
git remote add first http://github.com/JoengYH/vgvn
git remote add origin http://github.com/JoengYH/vgvn
git push origin master
git pull origin master
git push origin master
man git init
git init -b
git init --bare
ls -a
ls
cd test
ls
cd ..
ls
ls -la
ostree
clear
cmd
ls
clear
ls
clear
mkdir Joeng
cd Joeng/
mkdir mid-term
cd mid-term
ls
cd ..
cd mid-term
vi 1521219-fork.c
cd ..
git clone http://github.com/Joeng/vgvn
git clone http://github.com/JoengYH/vgvn
ls
tmux
ls
cd 
cd Joeng/
ls
cd mid-term/
ls
git init
git config --global user.email wjddidgns22@naver.com
ls
cd mid-term/
ls
vi 1521219-fork.c 
vi file.txt
rm file.txt 
vi file.txt
vi 1521219-fork.c 
gcc -o 1521219-fork 1521219-fork.c
vi 1521219-fork.c 
gcc -o 1521219-fork 1521219-fork.c
vi 1521219-fork.c 
gcc -o 1521219-fork 1521219-fork.c
vi 1521219-fork.c 
gcc -o 1521219-fork 1521219-fork.c
./1521219-fork
vi 1521219-fork.c 
gcc -o 1521219-fork 1521219-fork.c
./1521219-fork
vi 1521219-fork.c 
gcc -o 1521219-fork 1521219-fork.c
./1521219-fork
vi 1521219-fork.c 
gcc -o 1521219-fork 1521219-fork.c
vi 1521219-fork.c 
gcc -o 1521219-fork 1521219-fork.c
./1521219-fork 
vi 1521219-fork.c 
gcc -o 1521219-fork 1521219-fork.c
./1521219-fork 
vi 1521219-fork.c 
gcc -o 1521219-fork 1521219-fork.c
vi 1521219-fork.c 
gcc -o 1521219-fork 1521219-fork.c
vi 1521219-fork.c 
./1521219-fork 
vi 1521219-fork.c 
ls
cd ..
cd
ls
cd Joeng/
ls
cd vgvn/
ls
vi method.txt 
man signal
man sigemptyset
vi sig-check.c
gcc -o sig-check sig-check.c 
vi sig-check.c
gcc -o sig-check sig-check.c 
./sig-check
vi sig-check.c
cp sig-check.c sigcheck-1.c
ls
vi sigcheck-1.c
gcc -o sigcheck-1 sigcheck-1.c
./sigcheck-1
vi sigcheck-1.c
gcc -o sigcheck-1 sigcheck-1.c
./sigcheck-1
vi sigcheck-1.c
gcc -o sigcheck-1 sigcheck-1.c
./sigcheck-1
vi sigcheck-1.c
gcc -o sigcheck-1 sigcheck-1.c
./sigcheck-1
clear
./sigcheck-1
vi sigcheck-1.c
gcc -o sigcheck-1 sigcheck-1.c

./sigcheck-1
vi sigcheck-2.c
;s
ls
ps
ps -ef |grep s1521210
ps -ef |grep s1521219
kill -9 4336

ps -ef |grep s1521219
ps
ls
vi sigcheck-1
vi sigcheck-1.c

clear
vi sig-test.c
vi sig-test-1.c
rm sig-test-1.c
ls
vo sig-test.c
vi sig-test.c
gcc -o sig-test sig-test.c 
./sig-test
vi sig-test.c
gcc -o sig-test sig-test.c 
./sig-test
cat sig-test.c
vi sigaction-test
vi sigaction-test.c
gcc -o sigaction-test sigaction-test.c 
vi sigaction-test.c
gcc -o sigaction-test sigaction-test.c 
vi sigaction-test.c
gcc -o sigaction-test sigaction-test.c 
./sigaction-test 
clear
./sigaction-test 
man sigaction
vi sigaction-test-1.c
gcc -o sigaction-test-1 sigaction-test-1.c
./sigaction-test-1
vi sigaction-test-1.c
gcc -o sigaction-test-1 sigaction-test-1.c
./sigaction-test-1
ps
kill -9 3998
ps
claer
clear
ps -ef |grab s1521219
ps -ef |grap s1521219
man ps
man grab
man grap
man greb
man grep
ps -ef |grep s1521219
clear
./sigaction-test-1
ps
vi sigkill-test.c
git init
git config --global user.email wjddidgns22@naver.com
git config --global user.name JoengYH
git add *
git commit -m "190521"
vi sigkill-test.c 
gcc -o sigkill-test sigkill-test.c
vi sigkill-test.c 
gcc -o sigkill-test sigkill-test.c
./sigkill-test
git add sigkill-test.c
git add *
git commit -m "190502'
git commit -m "190502"
git remote add 190502 https://github.com/JoengYH/TEST
git push 190502 master
git pull origin master
git pull master
git pull origin master
git init
git config --global user.email wjddidgns22@naver.com
git config --global user.name JoengYH
git add *
git commit -m "190502"
git add -all
git add --all
git commit -m "190502"
clear
ls
git init
git add *
git config --global user.email wjddidgns22@naver.com
git config --global user.name JoengYH
git add *
got commit -m "190502.1"
git commit -m "190502.1"
man git add
git add -A
git commit -m "190502.1"
git add --ALL
git add --all
git commit -m "190502.1"
clear
man git init
ls
cd Joeng/
ls
mkdir work
cd work/
ls
mkdir 190502
cd 190502/
ls
clear
ls
pwd
vi sig.c
tmux
cd Joeng/work/190502/
ls
vi sigalarm-test.c
gcc -o sigalarm-test sigalarm-test.c
vi sigalarm-test.c
gcc -o sigalarm-test sigalarm-test.c
vi sigalarm-test.c
gcc -o sigalarm-test sigalarm-test.c
vi sigalarm-test.c
gcc -o sigalarm-test sigalarm-test.c
vi sigalarm-test.c
gcc -o sigalarm-test sigalarm-test.c
./sigalarm-test
clear
tmux
ls
cd cd Joeng/
ls
cd Joeng/
ls
cd work/
ls
mkdir 190509
git init
cd 190509
ls
clear
vi sig-block.c
gcc -o sig-block sig-block.c
vi sig-block.c
gcc -o sig-block sig-block.c
./sig-block
man sigpandding
man SIGPENDING
vi sig-pending.c
gcc -o sig-pending sig-pending.c 
vi sig-p
vi sig-pending.c 
gcc -o sig-pending sig-pending.c 
vi sig-p
vi sig-pending.c 
gcc -o sig-pending sig-pending.c 
clear
ls
vi sig-suspend.c
gcc -o sig-suspend sig-suspend.c
./sig_suspend
./sig-suspend
signal 10 16291
kill 10 16291
cd Joeng/work/190509
ls
vi sig-suspend.c
tmux
ls
cd ..
ls
cd 190502
ls
vi sigaction-test-1.c
vi sigkill-test.c
ls
vi sig-suspend.c
gcc -o sig-suspend sig-suspend.c
vi sig-suspend.c
gcc -o sig-suspend sig-suspend.c
./ sig-suspend
./sig-suspend
vi sig-suspend.c
clear
ls
vm Joeng jeong
mv Joeng jeong
ls
cd jeong/work/190509
ls
vi sig-suspend.c
tmux
celar
clera
clear
tmux
ls
./ server-test
./server-test
vi server-test.c
gcc -o server-test server-test.c
./server-test
vi server-test.c
gcc -o server-test server-test.c
./server-test
iv
vi server-test.c
gcc -o server-test server-test.c
./server-test
clear
vi server-test/c
vi server-test.c
pc server-test.c server-cal.c
cp server-test.c server-cal.c
ls
cp client-test.c client-cal.c
ls
vi server-cal.c
gcc -o server-cal server-cal.c
vi server-cal.c
gcc -o server-cal server-cal.c
ls
cd ..
ls
cd ..
ls
cd //
ls
cd home
ls
cd s1521197
ls
cd 0516
ls
cp client.c //home/s1521219 client-tset.c
cp client.c //home/s1521219
cp server.c //home/s1521219/jeong/work/190516
cd
ls
cd jeong/work/190516
ls
./server-ex
ls
vi client-ex.c
ls
gcc -o client-ex client-ex.c
ls
./client-ex
ls
ls-l
ls -l
./client-test 
vi client-test/c
vi client-test.c
./client-test 
clear
vi client-cal.c
mna recv
man recv
vi client-cal.c
gcc -o client-cal client-cal.c
vi client-cal.c
gcc -o client-cal client-cal.c
vi client-cal.c
gcc -o client-cal client-cal.c
vi client-cal.c
gcc -o client-cal client-cal.c
vi client-cal.c
gcc -o client-cal client-cal.c
vi client-cal.c
gcc -o client-cal client-cal.c
vi client-cal.c
gcc -o client-cal client-cal.c
vi client-cal.c
gcc -o client-cal client-cal.c
vi client-cal.c
gcc -o client-cal client-cal.c
cd ..
ls
cd ..
;s
ls
mv client.c jeong/work/190516/
ls
cd jeong/
cd work/190516
ls
mv client.c client-ex.c
mv server.c server-ex.c
ls
ogg -o client-ex client-ex.c
gcc -o client-ex client-ex.c
gcc -o server-ex server-ex.c
ls
./client-ex
ls
vi client-cal.c
vi client-ex.c
./client-ex
sl
ls
cd/
cd //
ls
cd tmp/
ls
ls
cd jeong/work/
ls
mkdir 190516
cd 190516
ls
vi server-test.c
vi client-test.c
gcc -o server-test server-test.c
gcc -o client-test client-test.c 
vi client-test.c 
gcc -o client-test client-test.c 
tmux
ls
cd jeong/work/
ls
mkdir 190530
cd 190530
ls
vi thread-test.c
gcc -lpthread -o thread-test thread-test.c 
vi thread-test.c
gcc -lpthread -o thread-test thread-test.c 
gcc thread-test.c  -lpthread -o thread-test
ls
./thread-test
vi thread-test2.c
vi mutexlock-test.c
clear
cd jeong/work/190530
ls
mkdir test
cd test
docker version
docker images
docker version
docker images
docker version
docker images
odcker rmi hello-world
docker rmi hello-world
docker images
docker rmi hello-world
clear
docker rmi hello-world
docker images
clear
docker ps
docker ps -a
docker pull streams
docker pull jenkins
docekr images
docker images
docker rmi jenkins
docker images
clear

docker images
docekr run -it ubuntu /bin/bash
docker run -it ubuntu /bin/bash
docker images
docker ps
docker run ubuntu /bin/home
docekr run -it ubuntu /bin/bash
docker run -it ubuntu /bin/bash
docker commit 9944e2e05611 wjddidgns22/test:Hello
codekr ps
docker ps
docker images
docker --help
docker start --help
docker start 9944e2e05611
./msgq-rec
ipcs
ipcrm 557069
ipcrm msg 557069
ipcs
vi msgq-rec.c
gcc -o msgq-rec01 msgq-rec.c
./msgq-res01
ls
./msgq-rec01
./msgq-rec01 1
./msgq-rec01 3
./msgq-rec01 2
./msgq-rec01 1
./msgq-rec2
./msgq-rec01 2
./msgq-rec01 1
./msgq-rec01 3
ipcs
./msgq-rec02
./msgq-rec02 1
./msgq-rev02 2
./msgq-rec02 2
ls
cd jeong/
ls
cd work
ls
mkdir 190613
git init
ls
git push origin master
git commit -m 'test'
git add -all
git add --all
git commit -m 'test'
git push test master
git remote add origin "https://github.com/JoengYH/TEST"
git remote add origin https://github.com/JoengYH/TEST
git push origin master
git push test master
clear
ls -al
rmdir .git
rmdir -rf .git
rm -rf .git
ls -la
git init
git config --global user.email wjddidgns22@naver.com
git add --all
git commit -m "origin"
git remote add origin https://github.com/JoengYH/TEST
git push origin master
git pull origin master
git push origin master
clear
ls
cd 190502
ls
cd ..
ls
cd..
cd ..
ls
rm -rf work
ls
rm -rf vgvn
ls
rm -rf --all
rm -rf mid-term/
ls
cd ..
ls
rm -rf jeong/
ls
mkdir work
cd work/
git pull origin master
git init
git clear
clear
git config --global user.name JoengYH
git pull origin master
git remote add origin https://github.com/JoengYH/TEST
git pull origin master
ls
mkdir 190613
cd 190613/
ls
clear
man msgget
man msgsnd
clear
sad
as
sda
s
da
sd
s
d
pwd
tmux
ipcs
ptree
pstree
ipcs
ls
vi a.out
vi msgq-test.c
gcc -o msgq-test msgq-test.c 
vi msgq-test.c
gcc -o msgq-test msgq-test.c 
vi msgq-test.c
gcc -o msgq-test msgq-test.c 
ls
tmux
ipcs
vi sharedmem-red.c
gcc -o sharedmem-red sharedmem-red.c
./sharedmem-red
ipcs
./sharedmem-wrt01
man sprintf
ipcs
ipcrm shm 1015831
shmat 773500\
shmat 773500
ls
cd work/
ls
cd 190613/
ls
tmux
cd /
ls
cd home/s1521197/
ls
cd 0516
ls
cd ..
ls
git init
ls
cp /home/s1521219/work/exam -all
cp /home/s1521219/work/exam -a
cp /home/s1521219/work/exam *
ls
cd 0516
ls
cp *
cp * /home/s1521219/work/exam
man parbegin
ls
work
cd work
ls
cd /
ls
cd home
ls
s1521197
cd s1521197
ls
git init
ls -al
ls
tmux
ls
./server_op
ls
cd work
ls
cd exam/
ls
tumx
tmux
ls
cd work/
ls
cd 190530
ls
cd ..
cd 190516
ls
vi client.c
vi client-cal.c
vi server-cal.c 
ls
cd exxam
cd exam
ls
vi client.c
vi 1521197client.c
cd exam/
ls
vi server.c
ls
cd 190516
ls
vi server-test.c
ls
cd test.c
cd test
ls
vi no-1.c
ls
cd test
ls
vi no-1.c 
cd 190516/
ls
cd servwr.cal.c
cd servwr-cal.c
vi server-cal.c
ls
cd 190516
ls
vi client-cal.c
cd 190509
ls
cd ..
ls
cd ..
ls
vi fork-ex.c
gcc -o fork-ex fork-ex.c 
vi fork-ex.c
gcc -o fork-ex fork-ex.c 
./fork-ex 
ls
vi fork-ex.c
cd work/
ls
tmux
vi no-1.c 
cd..
cd ..
ls
cd 
cd work/
ls
vi fork-ex
vi fork-ex.c
cd ..
ls
cd 190516
ls
vi server-cal.c
ls
cd work
ls
cd test
ls
vi no-1.c 
tmux
gcc -o no-1 no-1.c
ls
cd ..
cd 190516
ls
./client-ex
./client-ex 1
./client-ex 123123123
./client-ex
cd ..
ls

ls
./client-ex 
12
vi client-ec.c
vi client-ex.c
vi server-ex.c
./client-ex
vi client-ex.c
gcc -o client-ex client-ex.c
./client-ex
cd..
cd ..
ls
cd 190516
ls
vi server-cal.c
gcc -o server-cal server-cal.c 
cd ..
ls
cd exam/
ls
vi server.c
cd /
cd home/s1521197/
ls
cd works/
ls
cd ..
cd k
ls
cd ..
cd 0516
ls
cd a
ls
cd ..
cd ma
cd a
ls
cd ..
cd 0530
ls
l
sl
sll
sl
l
ls
cd ..
ls
cd final
ls
cd socket/
ls
cd fork_server.c
ls
vi fork_server.c
./fork_server
vi fork_client.c
cd ..
ls
cd msg-queue/
ls
cd ~
ls
cd work/
cd test
./client-ex
vi no-1.c
ls
cd ..
ls
cd 190516
ls
vi client-ex.x
vi client-ex.c
./server-ex
vi server-ex.c
./server-ex 
gcc -o server-ex server-ex.c
./server-ex
vi client-ex.c
mv client-ex.c ~/work/test
ls
mv server--ex.c ~/work/test
mv server-ex.c ~/work/test
cd ..
ls
cd test
ls
rm no-1.c 
ls
gcc -o client-ex client-ex.c
gcc -o server-ex server-ex.c
ls
./server-ex
ls
cp server-ex.c server-fork.c
ls
vi server-fork.c
rm server-fork.c 
cp server-ex.c
cp server-ex.c server-fork.c
vi server-fork.c
tmux
ls
ls
cd work
cd test
ls
vi no-1.c 
gcc -o no-1 no-1.c
vi no-1.c 
tmux
./client-ex
vi server-ex.c\
vi server-ex.c
./client-ex
vi server-ex.c
./client-ex
./server-fork
ls
cd work
ls
cd test
ls
vi server-fork.c
gcc -o server-fork server-fork.c
vi server-fork.c
gcc -o server-fork server-fork.c
tmux
./client-ex
cd /home/s1521197/final/
ls
cd thread/
ls
vi th_client.c
vi th_server.c
cd~
cd ~
ls
cd w
cd work/
cd test
ls
vi server-fork.c
gcc -o server-fork server-fork.c
vi server-fork.c
gcc -o server-fork server-fork.c
vi server-fork.c
gcc -o server-fork server-fork.c
vi server-fork.c
gcc -o server-fork server-fork.c
vi server-fork.c
gcc -o server-fork server-fork.c
vi server-fork.c
gcc -o server-fork server-fork.c
./server-fork
vi server-fork.c
gcc -o server-fork server-fork.c
./server-fork
vi server-fork.c
gcc -o server-fork server-fork.c
vi server-fork.c
gcc -o server-fork server-fork.c
./server-fork
vi server-fork.c
gcc -o server-fork server-fork.c
./server-fork
vi server-fork.c
gcc -o server-fork server-fork.c
vi server-fork.c
gcc -o server-fork server-fork.c
./server-fork
vi server-fork.c
gcc -o server-fork server-fork.c
./server-fork
vi server-fork.c
gcc -o server-fork server-fork.c
./server-fork
vi server-fork.c
gcc -o server-fork server-fork.c
./server-fork
vi server-fork.c
gcc -o server-fork server-fork.c
./server-fork
vi server-fork.c
gcc -o server-fork server-fork.c
./server-fork
vi server-fork
vi server-fork.c
gcc -o server-fork server-fork.c
./server-fork
vi server-fork.c
gcc -o server-fork server-fork.c
./server-fork
vi server-fork.c
gcc -o server-fork server-fork.c
./server-fork
vi th-server.c
ls
rm th-server.c
ls
cd ..
ls
cd 190530
lks
ls
cd ..
ls
cd 190516
ls
cp client-test.c ~/work/test
cp server-test.c ~/work/test
cd ..
cd test
ls
rm server-test.c 
rm client-test.c 
cd /home/s1521197/final/
ls
cd msg-queue/
ls
vi msq-two.c
vi msg1-receiver.c
vi msg1-receiver2.c
vi msg1-receiver3.c
gcc -o msgq-reca.c
gcc -o msgq-reca msgq-reca.c
./msgq-reca
./msgq-reca1
./msgq-reca 1
./msgq-reca 3
./msgq-rec
./msgq-rec 1
vi msgq-rec.c
vi msgq-reca.c
ls
rm msgq-reca.c
cp msgq-rec.c msgq-reca.c
vi msgq-reca.c
gcc -o msgq-rec msgq-rec.c
./msgq-rec
./msgq-rec 3
ls
cd work/
cd test
ls
tmux
ls
cd work/
ls
cd 190530
ls
vi thread-test
vi thread-test.c
ls
vi th-server.c
rm th-server.c
ls
cd sock/
ls
cd ..
aq
cd mq/
ls
cd ..
ls
cd sock/
ls
vi server-ex.c
ls
cp server-ex.c th_server.c
vi th_server.c
gcc th_server o-o th_server.c -pthread
gcc th_server -o th_server.c -pthread
gcc -o th_server -pthread th_server.c
gcc th_server -o th_server.c -pthread
vi th_server.c
gcc th_server -o th_server.c -pthread
gcc -o th_server -pthread th_server.c
vi th_server.c
gcc -o th_server -pthread th_server.c
vi th_server.c
gcc -o th_server -pthread th_server.c
ls
cd work
ls
cd ..
cd /
ls
cd home/s1521197/final/
ls
cd thread/
ls
cd ..
cd~
cd ~
tmux
./client-ex 
